// 同步 ID: c8f8a45b @ Sun Jul 19 07:47:40 UTC 2026
// 同步 ID: 493cad9e @ Sun Jul 19 20:51:15 UTC 2026
// 同步 ID: 5c9603b3 @ Tue Jul 21 00:47:19 UTC 2026
// 同步 ID: 37604979 @ Tue Jul 21 07:17:31 UTC 2026
// 同步 ID: d6b616e2 @ Wed Jul 22 03:43:46 UTC 2026
// 同步 ID: ef7a8fa1 @ Wed Jul 22 10:15:14 UTC 2026
// 同步 ID: b531663e @ Thu Jul 23 00:57:59 UTC 2026
// 同步 ID: 572c9775 @ Thu Jul 23 04:35:37 UTC 2026
// 同步 ID: 97fa0ee9 @ Fri Jul 24 05:00:13 UTC 2026
// 重构日志: 7be67d15
// 重构日志: d09982e1
// 重构日志: df74026a
// 重构日志: 29b34671
// 重构日志: b6e2d9af
// 重构日志: 1fc25046
// 重构日志: 608e7c31
// 重构日志: a87af43c
// 重构日志: 5122fe12
// 重构日志: 80735a1e
// 同步 ID: 0f587671 @ Mon Jul 27 09:25:03 UTC 2026
// 同步 ID: d05854ec @ Mon Jul 27 12:56:41 UTC 2026
// 重构日志: 151894e8
// 重构日志: 4dc565f9
// 重构日志: 9bc47410
// 同步 ID: 81ff569a @ Tue Aug  4 07:19:40 UTC 2026
// 同步 ID: d9fac829 @ Wed Aug  5 12:56:24 UTC 2026
// 重构日志: 37b49425
// 重构日志: ce4e64e3
// 同步 ID: 281017cd @ Fri Aug  7 05:52:38 UTC 2026
// 同步 ID: 16e0f4d7 @ Fri Aug  7 08:19:34 UTC 2026
// 重构日志: 698f407b
